// Jest Snapshot v1, https://goo.gl/fbAQLP

exports[`CatsById integration tests queries a cat by its ID 1`] = `
Object {
  "data": Object {
    "getCatById": Object {
      "adaptability": 5,
      "affectionLevel": 5,
      "alternativeNames": null,
      "childFriendliness": 3,
      "countryCode": "EG",
      "description": "The Abyssinian is easy to care for, and a joy to have in your home. They’re affectionate cats and love both people and other animals.",
      "dogFriendliness": 4,
      "energyLevel": 5,
      "experimental": false,
      "grooming": 1,
      "hairless": false,
      "healthIssues": 2,
      "hypoallergenic": false,
      "indoor": false,
      "intelligence": 5,
      "lifeSpan": Array [
        14,
        15,
      ],
      "name": "Abyssinian",
      "natural": true,
      "origin": "Egypt",
      "rare": false,
      "rex": false,
      "sheddingLevel": 2,
      "shortLegs": false,
      "socialNeeds": 5,
      "strangerFriendly": 5,
      "suppressedTail": false,
      "temperament": Array [
        "Active",
        "Energetic",
        "Independent",
        "Intelligent",
        "Gentle",
      ],
      "vocalisation": 1,
      "weight": Array [
        3,
        5,
      ],
    },
  },
  "errors": undefined,
  "extensions": undefined,
  "http": Object {
    "headers": Headers {
      Symbol(map): Object {},
    },
  },
}
`;
