// Jest Snapshot v1, https://goo.gl/fbAQLP

exports[`CatsById integration tests queries a cat by its ID 1`] = `
Object {
  "data": Object {
    "getCatById": Object {
      "adaptability": 5,
      "affectionLevel": 5,
      "alternativeNames": Array [
        "Domestic Shorthair",
      ],
      "childFriendliness": 4,
      "countryCode": "US",
      "description": "The American Shorthair is known for its longevity, robust health, good looks, sweet personality, and amiability with children, dogs, and other pets.",
      "dogFriendliness": 5,
      "energyLevel": 3,
      "experimental": false,
      "grooming": 1,
      "hairless": false,
      "healthIssues": 3,
      "hypoallergenic": false,
      "indoor": false,
      "intelligence": 3,
      "lifeSpan": Array [
        15,
        17,
      ],
      "name": "American Shorthair",
      "natural": true,
      "origin": "United States",
      "rare": false,
      "rex": false,
      "sheddingLevel": 3,
      "shortLegs": false,
      "socialNeeds": 4,
      "strangerFriendly": 3,
      "suppressedTail": false,
      "temperament": Array [
        "Active",
        "Curious",
        "Easy Going",
        "Playful",
        "Calm",
      ],
      "vocalisation": 3,
      "weight": Array [
        4,
        7,
      ],
    },
  },
  "errors": undefined,
  "extensions": undefined,
  "http": Object {
    "headers": Headers {
      Symbol(map): Object {},
    },
  },
}
`;
